2025-12-17 11:25:33.853 | INFO  | traceId= | logStarting:53 | Starting OidcClientApplication using Java 21.0.8 with PID 11192 (C:\Users\p10427815\Desktop\OIDC_Client_Final\target\classes started by p10427815 in C:\Users\p10427815\Desktop\OIDC_Client_Final)
2025-12-17 11:25:33.866 | INFO  | traceId= | logStartupProfileInfo:652 | No active profile set, falling back to 1 default profile: "default"
2025-12-17 11:25:34.978 | INFO  | traceId= | registerRepositoriesIn:145 | Bootstrapping Spring Data JPA repositories in DEFAULT mode.
2025-12-17 11:25:35.097 | INFO  | traceId= | registerRepositoriesIn:213 | Finished Spring Data repository scanning in 93 ms. Found 2 JPA repository interfaces.
2025-12-17 11:25:36.122 | INFO  | traceId= | initialize:111 | Tomcat initialized with port 8080 (http)
2025-12-17 11:25:36.145 | INFO  | traceId= | log:168 | Initializing ProtocolHandler ["http-nio-8080"]
2025-12-17 11:25:36.149 | INFO  | traceId= | log:168 | Starting service [Tomcat]
2025-12-17 11:25:36.150 | INFO  | traceId= | log:168 | Starting Servlet engine: [Apache Tomcat/10.1.46]
2025-12-17 11:25:36.306 | INFO  | traceId= | log:168 | Initializing Spring embedded WebApplicationContext
2025-12-17 11:25:36.308 | INFO  | traceId= | prepareWebApplicationContext:301 | Root WebApplicationContext: initialization completed in 2378 ms
2025-12-17 11:25:36.791 | INFO  | traceId= | logPersistenceUnitInformation:31 | HHH000204: Processing PersistenceUnitInfo [name: default]
2025-12-17 11:25:36.943 | INFO  | traceId= | logVersion:44 | HHH000412: Hibernate ORM core version 6.6.29.Final
2025-12-17 11:25:37.056 | INFO  | traceId= | initiateService:50 | HHH000026: Second-level cache disabled
2025-12-17 11:25:37.831 | INFO  | traceId= | addTransformer:87 | No LoadTimeWeaver setup: ignoring JPA class transformer
2025-12-17 11:25:37.942 | INFO  | traceId= | getConnection:109 | HikariPool-1 - Starting...
2025-12-17 11:25:38.588 | INFO  | traceId= | checkFailFast:580 | HikariPool-1 - Added connection org.postgresql.jdbc.PgConnection@39851c5
2025-12-17 11:25:38.591 | INFO  | traceId= | getConnection:122 | HikariPool-1 - Start completed.
2025-12-17 11:25:38.767 | WARN  | traceId= | constructDialect:153 | HHH90000025: PostgreSQLDialect does not need to be specified explicitly using 'hibernate.dialect' (remove the property setting and it will be selected by default)
2025-12-17 11:25:38.858 | INFO  | traceId= | logConnectionInfo:163 | HHH10001005: Database info:
	Database JDBC URL [Connecting through datasource 'HikariDataSource (HikariPool-1)']
	Database driver: undefined/unknown
	Database version: 17.5
	Autocommit mode: undefined/unknown
	Isolation level: undefined/unknown
	Minimum pool size: undefined/unknown
	Maximum pool size: undefined/unknown
2025-12-17 11:25:41.004 | INFO  | traceId= | initiateService:59 | HHH000489: No JTA platform available (set 'hibernate.transaction.jta.platform' to enable JTA platform integration)
2025-12-17 11:25:41.185 | INFO  | traceId= | buildNativeEntityManagerFactory:447 | Initialized JPA EntityManagerFactory for persistence unit 'default'
2025-12-17 11:25:41.819 | WARN  | traceId= | openEntityManagerInViewInterceptor:258 | spring.jpa.open-in-view is enabled by default. Therefore, database queries may be performed during view rendering. Explicitly configure spring.jpa.open-in-view to disable this warning
2025-12-17 11:25:42.933 | INFO  | traceId= | log:168 | Starting ProtocolHandler ["http-nio-8080"]
2025-12-17 11:25:42.950 | WARN  | traceId= | refresh:635 | Exception encountered during context initialization - cancelling refresh attempt: org.springframework.context.ApplicationContextException: Failed to start bean 'webServerStartStop'
2025-12-17 11:25:42.953 | INFO  | traceId= | destroy:660 | Closing JPA EntityManagerFactory for persistence unit 'default'
2025-12-17 11:25:42.965 | INFO  | traceId= | close:349 | HikariPool-1 - Shutdown initiated...
2025-12-17 11:25:43.000 | INFO  | traceId= | close:351 | HikariPool-1 - Shutdown completed.
2025-12-17 11:25:43.030 | INFO  | traceId= | logMessage:82 | 

Error starting ApplicationContext. To display the condition evaluation report re-run your application with 'debug' enabled.
2025-12-17 11:25:43.103 | ERROR | traceId= | report:40 | 

***************************
APPLICATION FAILED TO START
***************************

Description:

Web server failed to start. Port 8080 was already in use.

Action:

Identify and stop the process that's listening on port 8080 or configure this application to listen on another port.

2025-12-17 11:25:52.672 | INFO  | traceId= | logStarting:53 | Starting OidcClientApplication using Java 21.0.8 with PID 30316 (C:\Users\p10427815\Desktop\OIDC_Client_Final\target\classes started by p10427815 in C:\Users\p10427815\Desktop\OIDC_Client_Final)
2025-12-17 11:25:52.674 | INFO  | traceId= | logStartupProfileInfo:652 | No active profile set, falling back to 1 default profile: "default"
2025-12-17 11:25:53.538 | INFO  | traceId= | registerRepositoriesIn:145 | Bootstrapping Spring Data JPA repositories in DEFAULT mode.
2025-12-17 11:25:53.631 | INFO  | traceId= | registerRepositoriesIn:213 | Finished Spring Data repository scanning in 75 ms. Found 2 JPA repository interfaces.
2025-12-17 11:25:54.384 | INFO  | traceId= | initialize:111 | Tomcat initialized with port 8080 (http)
2025-12-17 11:25:54.400 | INFO  | traceId= | log:168 | Initializing ProtocolHandler ["http-nio-8080"]
2025-12-17 11:25:54.403 | INFO  | traceId= | log:168 | Starting service [Tomcat]
2025-12-17 11:25:54.404 | INFO  | traceId= | log:168 | Starting Servlet engine: [Apache Tomcat/10.1.46]
2025-12-17 11:25:54.505 | INFO  | traceId= | log:168 | Initializing Spring embedded WebApplicationContext
2025-12-17 11:25:54.507 | INFO  | traceId= | prepareWebApplicationContext:301 | Root WebApplicationContext: initialization completed in 1776 ms
2025-12-17 11:25:54.757 | INFO  | traceId= | logPersistenceUnitInformation:31 | HHH000204: Processing PersistenceUnitInfo [name: default]
2025-12-17 11:25:54.853 | INFO  | traceId= | logVersion:44 | HHH000412: Hibernate ORM core version 6.6.29.Final
2025-12-17 11:25:54.900 | INFO  | traceId= | initiateService:50 | HHH000026: Second-level cache disabled
2025-12-17 11:25:55.237 | INFO  | traceId= | addTransformer:87 | No LoadTimeWeaver setup: ignoring JPA class transformer
2025-12-17 11:25:55.278 | INFO  | traceId= | getConnection:109 | HikariPool-1 - Starting...
2025-12-17 11:25:55.648 | INFO  | traceId= | checkFailFast:580 | HikariPool-1 - Added connection org.postgresql.jdbc.PgConnection@6249a08d
2025-12-17 11:25:55.652 | INFO  | traceId= | getConnection:122 | HikariPool-1 - Start completed.
2025-12-17 11:25:55.698 | WARN  | traceId= | constructDialect:153 | HHH90000025: PostgreSQLDialect does not need to be specified explicitly using 'hibernate.dialect' (remove the property setting and it will be selected by default)
2025-12-17 11:25:55.725 | INFO  | traceId= | logConnectionInfo:163 | HHH10001005: Database info:
	Database JDBC URL [Connecting through datasource 'HikariDataSource (HikariPool-1)']
	Database driver: undefined/unknown
	Database version: 17.5
	Autocommit mode: undefined/unknown
	Isolation level: undefined/unknown
	Minimum pool size: undefined/unknown
	Maximum pool size: undefined/unknown
2025-12-17 11:25:56.706 | INFO  | traceId= | initiateService:59 | HHH000489: No JTA platform available (set 'hibernate.transaction.jta.platform' to enable JTA platform integration)
2025-12-17 11:25:56.770 | INFO  | traceId= | buildNativeEntityManagerFactory:447 | Initialized JPA EntityManagerFactory for persistence unit 'default'
2025-12-17 11:25:57.135 | WARN  | traceId= | openEntityManagerInViewInterceptor:258 | spring.jpa.open-in-view is enabled by default. Therefore, database queries may be performed during view rendering. Explicitly configure spring.jpa.open-in-view to disable this warning
2025-12-17 11:25:57.718 | INFO  | traceId= | log:168 | Starting ProtocolHandler ["http-nio-8080"]
2025-12-17 11:25:57.727 | WARN  | traceId= | refresh:635 | Exception encountered during context initialization - cancelling refresh attempt: org.springframework.context.ApplicationContextException: Failed to start bean 'webServerStartStop'
2025-12-17 11:25:57.730 | INFO  | traceId= | destroy:660 | Closing JPA EntityManagerFactory for persistence unit 'default'
2025-12-17 11:25:57.734 | INFO  | traceId= | close:349 | HikariPool-1 - Shutdown initiated...
2025-12-17 11:25:57.751 | INFO  | traceId= | close:351 | HikariPool-1 - Shutdown completed.
2025-12-17 11:25:57.774 | INFO  | traceId= | logMessage:82 | 

Error starting ApplicationContext. To display the condition evaluation report re-run your application with 'debug' enabled.
2025-12-17 11:25:57.801 | ERROR | traceId= | report:40 | 

***************************
APPLICATION FAILED TO START
***************************

Description:

Web server failed to start. Port 8080 was already in use.

Action:

Identify and stop the process that's listening on port 8080 or configure this application to listen on another port.

2025-12-17 11:26:05.084 | INFO  | traceId= | logStarting:53 | Starting OidcClientApplication using Java 21.0.8 with PID 2200 (C:\Users\p10427815\Desktop\OIDC_Client_Final\target\classes started by p10427815 in C:\Users\p10427815\Desktop\OIDC_Client_Final)
2025-12-17 11:26:05.087 | INFO  | traceId= | logStartupProfileInfo:652 | No active profile set, falling back to 1 default profile: "default"
2025-12-17 11:26:06.335 | INFO  | traceId= | registerRepositoriesIn:145 | Bootstrapping Spring Data JPA repositories in DEFAULT mode.
2025-12-17 11:26:06.449 | INFO  | traceId= | registerRepositoriesIn:213 | Finished Spring Data repository scanning in 95 ms. Found 2 JPA repository interfaces.
2025-12-17 11:26:07.339 | INFO  | traceId= | initialize:111 | Tomcat initialized with port 8080 (http)
2025-12-17 11:26:07.364 | INFO  | traceId= | log:168 | Initializing ProtocolHandler ["http-nio-8080"]
2025-12-17 11:26:07.368 | INFO  | traceId= | log:168 | Starting service [Tomcat]
2025-12-17 11:26:07.369 | INFO  | traceId= | log:168 | Starting Servlet engine: [Apache Tomcat/10.1.46]
2025-12-17 11:26:07.507 | INFO  | traceId= | log:168 | Initializing Spring embedded WebApplicationContext
2025-12-17 11:26:07.509 | INFO  | traceId= | prepareWebApplicationContext:301 | Root WebApplicationContext: initialization completed in 2358 ms
2025-12-17 11:26:07.864 | INFO  | traceId= | logPersistenceUnitInformation:31 | HHH000204: Processing PersistenceUnitInfo [name: default]
2025-12-17 11:26:07.988 | INFO  | traceId= | logVersion:44 | HHH000412: Hibernate ORM core version 6.6.29.Final
2025-12-17 11:26:08.062 | INFO  | traceId= | initiateService:50 | HHH000026: Second-level cache disabled
2025-12-17 11:26:08.631 | INFO  | traceId= | addTransformer:87 | No LoadTimeWeaver setup: ignoring JPA class transformer
2025-12-17 11:26:08.698 | INFO  | traceId= | getConnection:109 | HikariPool-1 - Starting...
2025-12-17 11:26:09.204 | INFO  | traceId= | checkFailFast:580 | HikariPool-1 - Added connection org.postgresql.jdbc.PgConnection@6aa6c17
2025-12-17 11:26:09.207 | INFO  | traceId= | getConnection:122 | HikariPool-1 - Start completed.
2025-12-17 11:26:09.272 | WARN  | traceId= | constructDialect:153 | HHH90000025: PostgreSQLDialect does not need to be specified explicitly using 'hibernate.dialect' (remove the property setting and it will be selected by default)
2025-12-17 11:26:09.315 | INFO  | traceId= | logConnectionInfo:163 | HHH10001005: Database info:
	Database JDBC URL [Connecting through datasource 'HikariDataSource (HikariPool-1)']
	Database driver: undefined/unknown
	Database version: 17.5
	Autocommit mode: undefined/unknown
	Isolation level: undefined/unknown
	Minimum pool size: undefined/unknown
	Maximum pool size: undefined/unknown
2025-12-17 11:26:10.897 | INFO  | traceId= | initiateService:59 | HHH000489: No JTA platform available (set 'hibernate.transaction.jta.platform' to enable JTA platform integration)
2025-12-17 11:26:10.986 | INFO  | traceId= | buildNativeEntityManagerFactory:447 | Initialized JPA EntityManagerFactory for persistence unit 'default'
2025-12-17 11:26:11.510 | WARN  | traceId= | openEntityManagerInViewInterceptor:258 | spring.jpa.open-in-view is enabled by default. Therefore, database queries may be performed during view rendering. Explicitly configure spring.jpa.open-in-view to disable this warning
2025-12-17 11:26:12.696 | INFO  | traceId= | log:168 | Starting ProtocolHandler ["http-nio-8080"]
2025-12-17 11:26:12.779 | WARN  | traceId= | refresh:635 | Exception encountered during context initialization - cancelling refresh attempt: org.springframework.context.ApplicationContextException: Failed to start bean 'webServerStartStop'
2025-12-17 11:26:12.782 | INFO  | traceId= | destroy:660 | Closing JPA EntityManagerFactory for persistence unit 'default'
2025-12-17 11:26:12.812 | INFO  | traceId= | close:349 | HikariPool-1 - Shutdown initiated...
2025-12-17 11:26:12.837 | INFO  | traceId= | close:351 | HikariPool-1 - Shutdown completed.
2025-12-17 11:26:12.886 | INFO  | traceId= | logMessage:82 | 

Error starting ApplicationContext. To display the condition evaluation report re-run your application with 'debug' enabled.
2025-12-17 11:26:12.950 | ERROR | traceId= | report:40 | 

***************************
APPLICATION FAILED TO START
***************************

Description:

Web server failed to start. Port 8080 was already in use.

Action:

Identify and stop the process that's listening on port 8080 or configure this application to listen on another port.

2025-12-17 11:39:07.422 | INFO  | traceId= | logStarting:53 | Starting OidcClientApplication using Java 21.0.8 with PID 15264 (C:\Users\p10427815\Desktop\OIDC_Client_Final\target\classes started by p10427815 in C:\Users\p10427815\Desktop\OIDC_Client_Final)
2025-12-17 11:39:07.438 | INFO  | traceId= | logStartupProfileInfo:652 | No active profile set, falling back to 1 default profile: "default"
2025-12-17 11:39:08.234 | INFO  | traceId= | registerRepositoriesIn:145 | Bootstrapping Spring Data JPA repositories in DEFAULT mode.
2025-12-17 11:39:08.311 | INFO  | traceId= | registerRepositoriesIn:213 | Finished Spring Data repository scanning in 65 ms. Found 2 JPA repository interfaces.
2025-12-17 11:39:09.063 | INFO  | traceId= | initialize:111 | Tomcat initialized with port 8080 (http)
2025-12-17 11:39:09.085 | INFO  | traceId= | log:168 | Initializing ProtocolHandler ["http-nio-8080"]
2025-12-17 11:39:09.088 | INFO  | traceId= | log:168 | Starting service [Tomcat]
2025-12-17 11:39:09.088 | INFO  | traceId= | log:168 | Starting Servlet engine: [Apache Tomcat/10.1.46]
2025-12-17 11:39:09.183 | INFO  | traceId= | log:168 | Initializing Spring embedded WebApplicationContext
2025-12-17 11:39:09.185 | INFO  | traceId= | prepareWebApplicationContext:301 | Root WebApplicationContext: initialization completed in 1689 ms
2025-12-17 11:39:09.462 | INFO  | traceId= | logPersistenceUnitInformation:31 | HHH000204: Processing PersistenceUnitInfo [name: default]
2025-12-17 11:39:09.562 | INFO  | traceId= | logVersion:44 | HHH000412: Hibernate ORM core version 6.6.29.Final
2025-12-17 11:39:09.620 | INFO  | traceId= | initiateService:50 | HHH000026: Second-level cache disabled
2025-12-17 11:39:10.034 | INFO  | traceId= | addTransformer:87 | No LoadTimeWeaver setup: ignoring JPA class transformer
2025-12-17 11:39:10.087 | INFO  | traceId= | getConnection:109 | HikariPool-1 - Starting...
2025-12-17 11:39:10.471 | INFO  | traceId= | checkFailFast:580 | HikariPool-1 - Added connection org.postgresql.jdbc.PgConnection@601d295
2025-12-17 11:39:10.473 | INFO  | traceId= | getConnection:122 | HikariPool-1 - Start completed.
2025-12-17 11:39:10.542 | WARN  | traceId= | constructDialect:153 | HHH90000025: PostgreSQLDialect does not need to be specified explicitly using 'hibernate.dialect' (remove the property setting and it will be selected by default)
2025-12-17 11:39:10.577 | INFO  | traceId= | logConnectionInfo:163 | HHH10001005: Database info:
	Database JDBC URL [Connecting through datasource 'HikariDataSource (HikariPool-1)']
	Database driver: undefined/unknown
	Database version: 17.5
	Autocommit mode: undefined/unknown
	Isolation level: undefined/unknown
	Minimum pool size: undefined/unknown
	Maximum pool size: undefined/unknown
2025-12-17 11:39:11.691 | INFO  | traceId= | initiateService:59 | HHH000489: No JTA platform available (set 'hibernate.transaction.jta.platform' to enable JTA platform integration)
2025-12-17 11:39:11.763 | INFO  | traceId= | buildNativeEntityManagerFactory:447 | Initialized JPA EntityManagerFactory for persistence unit 'default'
2025-12-17 11:39:12.071 | WARN  | traceId= | openEntityManagerInViewInterceptor:258 | spring.jpa.open-in-view is enabled by default. Therefore, database queries may be performed during view rendering. Explicitly configure spring.jpa.open-in-view to disable this warning
2025-12-17 11:39:12.513 | INFO  | traceId= | log:168 | Starting ProtocolHandler ["http-nio-8080"]
2025-12-17 11:39:12.520 | WARN  | traceId= | refresh:635 | Exception encountered during context initialization - cancelling refresh attempt: org.springframework.context.ApplicationContextException: Failed to start bean 'webServerStartStop'
2025-12-17 11:39:12.521 | INFO  | traceId= | destroy:660 | Closing JPA EntityManagerFactory for persistence unit 'default'
2025-12-17 11:39:12.525 | INFO  | traceId= | close:349 | HikariPool-1 - Shutdown initiated...
2025-12-17 11:39:12.533 | INFO  | traceId= | close:351 | HikariPool-1 - Shutdown completed.
2025-12-17 11:39:12.556 | INFO  | traceId= | logMessage:82 | 

Error starting ApplicationContext. To display the condition evaluation report re-run your application with 'debug' enabled.
2025-12-17 11:39:12.582 | ERROR | traceId= | report:40 | 

***************************
APPLICATION FAILED TO START
***************************

Description:

Web server failed to start. Port 8080 was already in use.

Action:

Identify and stop the process that's listening on port 8080 or configure this application to listen on another port.

2025-12-17 11:39:42.204 | INFO  | traceId= | logStarting:53 | Starting OidcClientApplication using Java 21.0.8 with PID 26988 (C:\Users\p10427815\Desktop\OIDC_Client_Final\target\classes started by p10427815 in C:\Users\p10427815\Desktop\OIDC_Client_Final)
2025-12-17 11:39:42.207 | INFO  | traceId= | logStartupProfileInfo:652 | No active profile set, falling back to 1 default profile: "default"
2025-12-17 11:39:42.985 | INFO  | traceId= | registerRepositoriesIn:145 | Bootstrapping Spring Data JPA repositories in DEFAULT mode.
2025-12-17 11:39:43.083 | INFO  | traceId= | registerRepositoriesIn:213 | Finished Spring Data repository scanning in 82 ms. Found 2 JPA repository interfaces.
2025-12-17 11:39:43.767 | INFO  | traceId= | initialize:111 | Tomcat initialized with port 8080 (http)
2025-12-17 11:39:43.786 | INFO  | traceId= | log:168 | Initializing ProtocolHandler ["http-nio-8080"]
2025-12-17 11:39:43.790 | INFO  | traceId= | log:168 | Starting service [Tomcat]
2025-12-17 11:39:43.790 | INFO  | traceId= | log:168 | Starting Servlet engine: [Apache Tomcat/10.1.46]
2025-12-17 11:39:43.897 | INFO  | traceId= | log:168 | Initializing Spring embedded WebApplicationContext
2025-12-17 11:39:43.897 | INFO  | traceId= | prepareWebApplicationContext:301 | Root WebApplicationContext: initialization completed in 1631 ms
2025-12-17 11:39:44.139 | INFO  | traceId= | logPersistenceUnitInformation:31 | HHH000204: Processing PersistenceUnitInfo [name: default]
2025-12-17 11:39:44.212 | INFO  | traceId= | logVersion:44 | HHH000412: Hibernate ORM core version 6.6.29.Final
2025-12-17 11:39:44.260 | INFO  | traceId= | initiateService:50 | HHH000026: Second-level cache disabled
2025-12-17 11:39:44.613 | INFO  | traceId= | addTransformer:87 | No LoadTimeWeaver setup: ignoring JPA class transformer
2025-12-17 11:39:44.666 | INFO  | traceId= | getConnection:109 | HikariPool-1 - Starting...
2025-12-17 11:39:45.026 | INFO  | traceId= | checkFailFast:580 | HikariPool-1 - Added connection org.postgresql.jdbc.PgConnection@399af6dc
2025-12-17 11:39:45.030 | INFO  | traceId= | getConnection:122 | HikariPool-1 - Start completed.
2025-12-17 11:39:45.078 | WARN  | traceId= | constructDialect:153 | HHH90000025: PostgreSQLDialect does not need to be specified explicitly using 'hibernate.dialect' (remove the property setting and it will be selected by default)
2025-12-17 11:39:45.111 | INFO  | traceId= | logConnectionInfo:163 | HHH10001005: Database info:
	Database JDBC URL [Connecting through datasource 'HikariDataSource (HikariPool-1)']
	Database driver: undefined/unknown
	Database version: 17.5
	Autocommit mode: undefined/unknown
	Isolation level: undefined/unknown
	Minimum pool size: undefined/unknown
	Maximum pool size: undefined/unknown
2025-12-17 11:39:46.084 | INFO  | traceId= | initiateService:59 | HHH000489: No JTA platform available (set 'hibernate.transaction.jta.platform' to enable JTA platform integration)
2025-12-17 11:39:46.143 | INFO  | traceId= | buildNativeEntityManagerFactory:447 | Initialized JPA EntityManagerFactory for persistence unit 'default'
2025-12-17 11:39:46.479 | WARN  | traceId= | openEntityManagerInViewInterceptor:258 | spring.jpa.open-in-view is enabled by default. Therefore, database queries may be performed during view rendering. Explicitly configure spring.jpa.open-in-view to disable this warning
2025-12-17 11:39:46.971 | INFO  | traceId= | log:168 | Starting ProtocolHandler ["http-nio-8080"]
2025-12-17 11:39:47.011 | INFO  | traceId= | start:243 | Tomcat started on port 8080 (http) with context path '/'
2025-12-17 11:39:47.024 | INFO  | traceId= | logStarted:59 | Started OidcClientApplication in 5.441 seconds (process running for 5.942)
2025-12-17 11:39:53.398 | INFO  | traceId= | log:168 | Initializing Spring DispatcherServlet 'dispatcherServlet'
2025-12-17 11:39:53.399 | INFO  | traceId= | initServletBean:532 | Initializing Servlet 'dispatcherServlet'
2025-12-17 11:39:53.402 | INFO  | traceId= | initServletBean:554 | Completed initialization in 2 ms
2025-12-17 11:39:53.577 | INFO  | traceId=63f43321-b068-4480-9f08-4f5bd5506e84 | generateAuthUrl:78 | 開始組裝oauth2 授權 url
2025-12-17 11:39:53.777 | INFO  | traceId=63f43321-b068-4480-9f08-4f5bd5506e84 | generateAuthUrl:111 | 組裝授權URL成功 url:http://localhost:9090/api/oauth/authorize?response_type=code&client_id=12345.apps.picusercontent.com&scope=profile+openid&redirect_uri=http://localhost:4200/callback&state=M9_OQ1gI&code_challenge_method=S256&code_challenge=0fS2H9-mUQt5g9abAGmMzEY4yCqfml2r8vCvNe5LHOo
2025-12-17 13:01:26.291 | WARN  | traceId= | run:825 | HikariPool-1 - Thread starvation or clock leap detected (housekeeper delta=14m40s34ms850µs200ns).
2025-12-17 13:02:37.165 | INFO  | traceId=3e1d51d1-ff89-4b86-bb48-dcba9ad41df0 | accessToken:131 | 開始交換授權碼code,code=e6f392f5-42f1-414d-a084-b75634012a4b
2025-12-17 13:02:37.542 | INFO  | traceId=3e1d51d1-ff89-4b86-bb48-dcba9ad41df0 | accessToken:210 | 取得Token成功
2025-12-17 13:02:37.542 | INFO  | traceId=3e1d51d1-ff89-4b86-bb48-dcba9ad41df0 | validateAndParseIdToken:35 | 開始驗證idToken:eyJhbGciOiJSUzI1NiJ9.eyJpc3MiOiJodHRwOi8vbG9jYWxob3N0OjkwOTAiLCJzdWIiOiIzNyIsImF1ZCI6IjEyMzQ1LmFwcHMucGljdXNlcmNvbnRlbnQuY29tIiwiaWF0IjoxNzY1OTQ3NzU3LCJleHAiOjE3NjU5NTEzNTcsImVtYWlsIjoiaGFvMTIzQGdtYWlsLmNvbSIsIm5hbWUiOiLlvLXmma_nmpMifQ.ikvdikzRI8mhn5mvn3QADBPJ97TjtWheRDeiDOUm_6-WUh0JtnKGbN1lmS4EFPgpvkI-V6GTzftJ4XwzYx7UARQwicHc0lc8sLNgW8R7XpSIQXytziYxPMH5rNfrgIcKnpjnKbfgO8U_PO73_J9gnlGZ2e--H-UOQz73iYKXoMnRE7brF5cJXvNTCyhNXQMmAfr9RFs3Mw_BvvLfCD0JX0_ccg5jA_JVDDRsOL5LBlFCSO4RGaERwrpw2AkPnFU30cKadNUdM02XfICK9j4EewRwrDndS0xtfQzt28_0HE-0jKrCFXdKci7H2BQb4OkUkoiPsEhqTbHbu2LuP-Wi_w
2025-12-17 13:02:37.567 | INFO  | traceId=3e1d51d1-ff89-4b86-bb48-dcba9ad41df0 | getCachedPublicKey:94 | 取得 JKS 成功
2025-12-17 13:02:37.689 | INFO  | traceId=3e1d51d1-ff89-4b86-bb48-dcba9ad41df0 | validateAndParseIdToken:56 | JWT 驗證成功
2025-12-17 13:02:37.690 | INFO  | traceId=3e1d51d1-ff89-4b86-bb48-dcba9ad41df0 | accessToken:221 | IdToken 驗證成功
2025-12-17 13:02:37.734 | INFO  | traceId=3e1d51d1-ff89-4b86-bb48-dcba9ad41df0 | accessToken:252 | 設置 sessionID 到Cookie
2025-12-17 13:02:37.761 | INFO  | traceId=3e1d51d1-ff89-4b86-bb48-dcba9ad41df0 | getUserInfoByToken:274 | 開始呼叫userInfo API, AccessToken=a7393f12-c8bc-41e2-81f6-71f9122e8ebd
2025-12-17 13:02:37.800 | INFO  | traceId=3e1d51d1-ff89-4b86-bb48-dcba9ad41df0 | getUserInfoByToken:299 | 取得userInfo 成功
2025-12-17 13:07:07.759 | INFO  | traceId=76841eaa-285f-4c67-9c78-cbd4974ec84b | generateAuthUrl:78 | 開始組裝oauth2 授權 url
2025-12-17 13:07:07.770 | INFO  | traceId=76841eaa-285f-4c67-9c78-cbd4974ec84b | generateAuthUrl:111 | 組裝授權URL成功 url:http://localhost:9090/api/oauth/authorize?response_type=code&client_id=12345.apps.picusercontent.com&scope=profile+openid&redirect_uri=http://localhost:4200/callback&state=SrbDcsIb&code_challenge_method=S256&code_challenge=Y6ib1NQHsyB1UEcnfFIhMvIx8bCnoQF8-2e-25YAAgE
2025-12-17 13:07:07.899 | INFO  | traceId=9f6dae5b-f007-4d5a-a8ca-e46f0bf53bc5 | accessToken:131 | 開始交換授權碼code,code=ffcc1217-0064-4248-9666-aceb05950e13
2025-12-17 13:07:07.948 | INFO  | traceId=9f6dae5b-f007-4d5a-a8ca-e46f0bf53bc5 | accessToken:210 | 取得Token成功
2025-12-17 13:07:07.948 | INFO  | traceId=9f6dae5b-f007-4d5a-a8ca-e46f0bf53bc5 | validateAndParseIdToken:35 | 開始驗證idToken:eyJhbGciOiJSUzI1NiJ9.eyJpc3MiOiJodHRwOi8vbG9jYWxob3N0OjkwOTAiLCJzdWIiOiIzNyIsImF1ZCI6IjEyMzQ1LmFwcHMucGljdXNlcmNvbnRlbnQuY29tIiwiaWF0IjoxNzY1OTQ4MDI3LCJleHAiOjE3NjU5NTE2MjcsImVtYWlsIjoiaGFvMTIzQGdtYWlsLmNvbSIsIm5hbWUiOiLlvLXmma_nmpMifQ.zLbM8ZjiUXGSFxpvJhn1U2dMm88xuB8goz3pO8JXbnJev58IXtskUmddjUqT2IawH98uvBjyrlDh6wx7zLlyvvJNg7xvhvtKe180VgHH69-z9cS37zML_bFULklOZGBeo-QosJaAxuUuLEkL4anSoalKbk8dfq8xAIZC1rWSGfOykv71EpSsEOrhSQR8sHKMQdbF0AmO298j50xfvv03Ff1jbv6kMCmABaYDIBOMeugmpvszjcOSmLBlkitlJpPTgk7dR4SLpYTlcj-lvozFmVsYVCxe8HdXa2wCdolTrAqr0oEkCY0QPlkwqvNzZ4JJDhFSDEOaGDghlbEsSeJEDg
2025-12-17 13:07:07.957 | INFO  | traceId=9f6dae5b-f007-4d5a-a8ca-e46f0bf53bc5 | getCachedPublicKey:94 | 取得 JKS 成功
2025-12-17 13:07:07.970 | INFO  | traceId=9f6dae5b-f007-4d5a-a8ca-e46f0bf53bc5 | validateAndParseIdToken:56 | JWT 驗證成功
2025-12-17 13:07:07.971 | INFO  | traceId=9f6dae5b-f007-4d5a-a8ca-e46f0bf53bc5 | accessToken:221 | IdToken 驗證成功
2025-12-17 13:07:07.980 | INFO  | traceId=9f6dae5b-f007-4d5a-a8ca-e46f0bf53bc5 | accessToken:252 | 設置 sessionID 到Cookie
2025-12-17 13:07:07.985 | INFO  | traceId=9f6dae5b-f007-4d5a-a8ca-e46f0bf53bc5 | getUserInfoByToken:274 | 開始呼叫userInfo API, AccessToken=c0254128-35f1-41b6-a98d-1dfb1963f5c9
2025-12-17 13:07:08.004 | INFO  | traceId=9f6dae5b-f007-4d5a-a8ca-e46f0bf53bc5 | getUserInfoByToken:299 | 取得userInfo 成功
